2025-05-04 15:30:01,123 [INFO] com.example.MyApp - Application startup sequence initiated.
2025-05-04 15:30:05,456 [INFO] com.example.DatabaseService - Connecting to database 'prod_db' at jdbc:mysql://db.example.com:3306.
2025-05-04 15:30:06,789 [INFO] com.example.DatabaseService - Database connection established successfully.
2025-05-04 15:31:10,912 [INFO] com.example.AuthService - User 'jdoe' authentication attempt from 192.168.1.101.
2025-05-04 15:31:11,321 [INFO] com.example.AuthService - User 'jdoe' authenticated successfully. Session ID: abc123xyz.
2025-05-04 15:32:15,555 [WARN] com.example.ProductService - Inventory low for product SKU 'WIDGET-001'. Current stock: 5.
2025-05-04 15:33:01,800 [INFO] com.example.OrderService - Received new order 'ORD-2025-9876' from user 'asmith'.
2025-05-04 15:33:02,150 [ERROR] com.example.PaymentProcessor - Failed to process payment for order 'ORD-2025-9876'. Reason: Credit card expired. Transaction ID: pay_failed_1a2b3c.
2025-05-04 15:33:02,155 [ERROR] com.example.OrderService - Order 'ORD-2025-9876' failed due to payment error.
2025-05-04 15:35:00,001 [DEBUG] com.example.CleanupService - Running scheduled cleanup task. Deleting temporary files older than 7 days.